
> acob-odyssey-frontend@1.0.0 build
> tsc && vite build

[36mvite v5.4.21 [32mbuilding for production...[36m[39m
transforming...
[32mΓ£ô[39m 3058 modules transformed.
node.exe : 
[31mx[39m Build 
failed in 3.87s
At line:1 char:1
+ & "C:\Program Files\
nodejs/node.exe" 
"C:\Program 
Files\nodejs/node_mo 
...
+ ~~~~~~~~~~~~~~~~~~~~
~~~~~~~~~~~~~~~~~~~~~~
~~~~~~~~~~~~~~~~~~~~~~
~~~~~
    + CategoryInfo    
          : NotSpeci  
  fied: ([31mx[39   
 m Build failed in    
 3.87s:String) []    
, RemoteException
    + FullyQualifiedE 
   rrorId : NativeCo  
  mmandError
 
[31merror during 
build:
[31msrc/components/Da
shboard/EnergyChart.ts
x (9:9): "SITES" is 
not exported by "../co
mmon/types/odyssey.js"
, imported by "src/com
ponents/Dashboard/Ener
gyChart.tsx".[31m
file: [36mC:/Users/AC
OB/Desktop/VS Code/aco
b-crm2/acob-odyssey/fr
ontend/src/components/
Dashboard/EnergyChart.
tsx:9:9[31m
[33m
 7: } from 'recharts';
 8: import { 
SITE_COLORS } from 
'../../lib/utils';
 9: import { SITES } 
from '../../../../comm
on/types/odyssey';
             ^
10: 
11: interface 
EnergyChartProps {
[31m
    at getRollupError 
(file:///C:/Users/ACOB
/Desktop/VS%20Code/aco
b-crm2/acob-odyssey/fr
ontend/node_modules/ro
llup/dist/es/shared/pa
rseAst.js:402:41)
    at error (file:///
C:/Users/ACOB/Desktop/
VS%20Code/acob-crm2/ac
ob-odyssey/frontend/no
de_modules/rollup/dist
/es/shared/parseAst.js
:398:42)
    at Module.error (f
ile:///C:/Users/ACOB/D
esktop/VS%20Code/acob-
crm2/acob-odyssey/fron
tend/node_modules/roll
up/dist/es/shared/node
-entry.js:17040:16)
    at 
Module.traceVariable (
file:///C:/Users/ACOB/
Desktop/VS%20Code/acob
-crm2/acob-odyssey/fro
ntend/node_modules/rol
lup/dist/es/shared/nod
e-entry.js:17452:29)
    at ModuleScope.fin
dVariable (file:///C:/
Users/ACOB/Desktop/VS%
20Code/acob-crm2/acob-
odyssey/frontend/node_
modules/rollup/dist/es
/shared/node-entry.js:
15070:39)
    at FunctionScope.f
indVariable (file:///C
:/Users/ACOB/Desktop/V
S%20Code/acob-crm2/aco
b-odyssey/frontend/nod
e_modules/rollup/dist/
es/shared/node-entry.j
s:5673:38)
    at FunctionBodySco
pe.findVariable (file:
///C:/Users/ACOB/Deskt
op/VS%20Code/acob-crm2
/acob-odyssey/frontend
/node_modules/rollup/d
ist/es/shared/node-ent
ry.js:5673:38)
    at 
MemberExpression.bind 
(file:///C:/Users/ACOB
/Desktop/VS%20Code/aco
b-crm2/acob-odyssey/fr
ontend/node_modules/ro
llup/dist/es/shared/no
de-entry.js:7392:49)
    at 
CallExpression.bind (f
ile:///C:/Users/ACOB/D
esktop/VS%20Code/acob-
crm2/acob-odyssey/fron
tend/node_modules/roll
up/dist/es/shared/node
-entry.js:2829:23)
    at 
CallExpression.bind (f
ile:///C:/Users/ACOB/D
esktop/VS%20Code/acob-
crm2/acob-odyssey/fron
tend/node_modules/roll
up/dist/es/shared/node
-entry.js:12179:15)[3
9m
