src/pages/DashboardPage.tsx(197,69): error TS7006: Parameter 'd' implicitly has an 'any' type.
src/pages/DashboardPage.tsx(221,61): error TS7006: Parameter 't' implicitly has an 'any' type.
src/pages/DashboardPage.tsx(221,64): error TS7006: Parameter 'i' implicitly has an 'any' type.
src/pages/TokensPage.tsx(146,34): error TS2339: Property 'generateClearTamperToken' does not exist on type 'ApiClient'.
src/pages/TokensPage.tsx(149,34): error TS2551: Property 'generateClearCreditToken' does not exist on type 'ApiClient'. Did you mean 'generateCreditToken'?
src/pages/TokensPage.tsx(152,34): error TS2339: Property 'generateMaxPowerToken' does not exist on type 'ApiClient'.
src/services/api.ts(15,17): error TS2304: Cannot find name 'AxiosInstance'.
src/services/api.ts(18,17): error TS2304: Cannot find name 'axios'.
src/services/api.ts(25,7): error TS7006: Parameter 'res' implicitly has an 'any' type.
src/services/api.ts(26,7): error TS7006: Parameter 'err' implicitly has an 'any' type.
src/services/api.ts(78,100): error TS7006: Parameter 'r' implicitly has an 'any' type.
