Testing Page 1 with pageNum/pageSize...
Page 1 result count: 5
Page 1 first item: test

Testing Page 2 with pageNum/pageSize...
Page 2 result count: 5
Page 2 first item: test

Testing Page 2 with offset/pageLimit...
Page 2 (offset) count: 20
Page 2 (offset) first item: test

Done.
